{
  "workflowRunCount" : 5,
  "studies" : [ "TGL17" ],
  "sequencerRuns" : [ "180413_NB551051_0058_AHLK2LBGX5", "180416_NB551051_0059_AHLJF2BGX5" ],
  "lanes" : [ "180413_NB551051_0058_AHLK2LBGX5_lane_1", "180416_NB551051_0059_AHLJF2BGX5_lane_1" ],
  "samples" : [ "TGL17_0001_Co_P_PE_283_WT", "TGL17_0001_Lv_M_PE_300_WT", "TGL17_0001_Lv_M_PE_321_WT", "TGL17_0002_Lv_M_PE_313_WT", "TGL17_0003_Co_P_PE_282_WT", "TGL17_0004_Lv_M_PE_310_WT", "TGL17_0004_Lv_M_PE_325_WT" ],
  "workflows" : [ "BamMergePreprocessing" ],
  "processingAlgorithms" : [ "ProvisionFiles" ],
  "fileMetaTypes" : [ "application/bam" ],
  "maxInputFiles" : 1,
  "minInputFiles" : 1,
  "totalInputFiles" : 5,
  "workflowRuns" : [ {
    "workflowIni" : {
      "coverage_cap" : "500",
      "data_dir" : "data",
      "output_filename_prefix" : "TGL17_0001_Co_P_WT_180413.sorted.filter.deduped.split.realign.recal",
      "input_bam_file" : "/.mounts/labs/TGL/production2/seqware-results/BamMergePreprocessing_1.2/79004662/TGL17_0001_Co_P_WT_180413.sorted.filter.deduped.split.realign.recal.bam",
      "java" : "/.mounts/labs/PDE/Modules/sw/jvm/jdk1.8.0_91/bin/java",
      "java_mem" : "-Xmx16g",
      "library" : "library",
      "manual_output" : "false",
      "metadata" : "metadata",
      "minimum_pct" : "0.5",
      "output_dir" : "seqware-results",
      "picard_jar" : "/.mounts/labs/PDE/Modules/sw/picard/2.12.1/picard.jar",
      "picard_mem" : "30",
      "ref_dict" : "/.mounts/labs/PDE/data/gatkAnnotationResources/hg19_random.dict",
      "ref_fasta" : "/.mounts/labs/PDE/data/gatkAnnotationResources/hg19_random.fa",
      "run" : "run",
      "stringency_filter" : "LENIENT",
      "template_type" : "WT",
      "tmp_dir" : "tmp"
    },
    "files" : [ {
      "studyTitle" : [ "TGL17" ],
      "studyAttributes" : { },
      "experimentName" : [ ],
      "experimentAttributes" : { },
      "sampleName" : [ "TGL17_0001_Co_P_PE_283_WT" ],
      "sampleAttributes" : {
        "geo_external_name" : [ [ "CMP-01-02" ] ],
        "geo_group_id" : [ [ "180413" ] ],
        "geo_library_source_template_type" : [ [ "WT" ] ],
        "geo_organism" : [ [ "Homo sapiens" ] ],
        "geo_prep_kit" : [ [ "TruSeq_Stranded_TotalRNA" ] ],
        "geo_purpose" : [ [ "Library" ] ],
        "geo_receive_date" : [ [ "2018-04-05" ] ],
        "geo_run_id_and_position" : [ [ "3082_1" ] ],
        "geo_str_result" : [ [ "Not Submitted" ] ],
        "geo_template_type" : [ [ "Illumina PE Library" ] ],
        "geo_tissue_origin" : [ [ "Co" ] ],
        "geo_tissue_preparation" : [ [ "FFPE" ] ],
        "geo_tissue_type" : [ [ "P" ] ]
      },
      "sequencerRunName" : [ "180416_NB551051_0059_AHLJF2BGX5" ],
      "sequencerRunAttributes" : {
        "instrument_name" : [ [ "NB551051" ] ]
      },
      "laneName" : [ "180416_NB551051_0059_AHLJF2BGX5_lane_1" ],
      "laneAttributes" : { },
      "iusTag" : [ "GATCAG" ],
      "iusAttributes" : { },
      "workflowName" : [ "BamMergePreprocessing" ],
      "processingAlgorithm" : [ "ProvisionFiles" ],
      "processingAttributes" : { },
      "fileMetaType" : [ "application/bam" ],
      "fileAttributes" : {
        "aligner" : [ [ "STAR" ] ],
        "cvterms" : [ [ "EDAM:format_2572,EDAM:operation_2089" ] ]
      },
      "fileId" : 646866073
    } ]
  }, {
    "workflowIni" : {
      "coverage_cap" : "500",
      "data_dir" : "data",
      "output_filename_prefix" : "TGL17_0001_Lv_M_WT_180413.merged.sorted.filter.deduped.split.realign.recal",
      "input_bam_file" : "/.mounts/labs/TGL/production2/seqware-results/BamMergePreprocessing_1.2/79004662/TGL17_0001_Lv_M_WT_180413.merged.sorted.filter.deduped.split.realign.recal.bam",
      "java" : "/.mounts/labs/PDE/Modules/sw/jvm/jdk1.8.0_91/bin/java",
      "java_mem" : "-Xmx16g",
      "library" : "library",
      "manual_output" : "false",
      "metadata" : "metadata",
      "minimum_pct" : "0.5",
      "output_dir" : "seqware-results",
      "picard_jar" : "/.mounts/labs/PDE/Modules/sw/picard/2.12.1/picard.jar",
      "picard_mem" : "30",
      "ref_dict" : "/.mounts/labs/PDE/data/gatkAnnotationResources/hg19_random.dict",
      "ref_fasta" : "/.mounts/labs/PDE/data/gatkAnnotationResources/hg19_random.fa",
      "run" : "run",
      "stringency_filter" : "LENIENT",
      "template_type" : "WT",
      "tmp_dir" : "tmp"
    },
    "files" : [ {
      "studyTitle" : [ "TGL17" ],
      "studyAttributes" : { },
      "experimentName" : [ ],
      "experimentAttributes" : { },
      "sampleName" : [ "TGL17_0001_Lv_M_PE_300_WT", "TGL17_0001_Lv_M_PE_321_WT" ],
      "sampleAttributes" : {
        "geo_external_name" : [ [ "CMP-01-02" ] ],
        "geo_group_id" : [ [ "180413" ] ],
        "geo_library_source_template_type" : [ [ "WT" ] ],
        "geo_organism" : [ [ "Homo sapiens" ] ],
        "geo_prep_kit" : [ [ "TruSeq_Stranded_TotalRNA" ] ],
        "geo_purpose" : [ [ "Library" ] ],
        "geo_receive_date" : [ [ "2018-03-23" ] ],
        "geo_run_id_and_position" : [ [ "3080_1" ], [ "3082_1" ] ],
        "geo_str_result" : [ [ "Not Submitted" ] ],
        "geo_template_type" : [ [ "Illumina PE Library" ] ],
        "geo_tissue_origin" : [ [ "Lv" ] ],
        "geo_tissue_preparation" : [ [ "Fresh Frozen" ] ],
        "geo_tissue_type" : [ [ "M" ] ]
      },
      "sequencerRunName" : [ "180413_NB551051_0058_AHLK2LBGX5", "180416_NB551051_0059_AHLJF2BGX5" ],
      "sequencerRunAttributes" : {
        "instrument_name" : [ [ "NB551051" ] ]
      },
      "laneName" : [ "180413_NB551051_0058_AHLK2LBGX5_lane_1", "180416_NB551051_0059_AHLJF2BGX5_lane_1" ],
      "laneAttributes" : { },
      "iusTag" : [ "ATTCCT", "CGTACG" ],
      "iusAttributes" : { },
      "workflowName" : [ "BamMergePreprocessing" ],
      "processingAlgorithm" : [ "ProvisionFiles" ],
      "processingAttributes" : { },
      "fileMetaType" : [ "application/bam" ],
      "fileAttributes" : {
        "aligner" : [ [ "STAR" ] ],
        "cvterms" : [ [ "EDAM:format_2572,EDAM:operation_2089" ] ]
      },
      "fileId" : -1946325228
    } ]
  }, {
    "workflowIni" : {
      "coverage_cap" : "500",
      "data_dir" : "data",
      "output_filename_prefix" : "TGL17_0002_Lv_M_WT_180413.sorted.filter.deduped.split.realign.recal",
      "input_bam_file" : "/.mounts/labs/TGL/production2/seqware-results/BamMergePreprocessing_1.2/65619421/TGL17_0002_Lv_M_WT_180413.sorted.filter.deduped.split.realign.recal.bam",
      "java" : "/.mounts/labs/PDE/Modules/sw/jvm/jdk1.8.0_91/bin/java",
      "java_mem" : "-Xmx16g",
      "library" : "library",
      "manual_output" : "false",
      "metadata" : "metadata",
      "minimum_pct" : "0.5",
      "output_dir" : "seqware-results",
      "picard_jar" : "/.mounts/labs/PDE/Modules/sw/picard/2.12.1/picard.jar",
      "picard_mem" : "30",
      "ref_dict" : "/.mounts/labs/PDE/data/gatkAnnotationResources/hg19_random.dict",
      "ref_fasta" : "/.mounts/labs/PDE/data/gatkAnnotationResources/hg19_random.fa",
      "run" : "run",
      "stringency_filter" : "LENIENT",
      "template_type" : "WT",
      "tmp_dir" : "tmp"
    },
    "files" : [ {
      "studyTitle" : [ "TGL17" ],
      "studyAttributes" : { },
      "experimentName" : [ ],
      "experimentAttributes" : { },
      "sampleName" : [ "TGL17_0002_Lv_M_PE_313_WT" ],
      "sampleAttributes" : {
        "geo_external_name" : [ [ "CMP-01-03" ] ],
        "geo_group_id" : [ [ "180413" ] ],
        "geo_library_source_template_type" : [ [ "WT" ] ],
        "geo_organism" : [ [ "Homo sapiens" ] ],
        "geo_prep_kit" : [ [ "TruSeq_Stranded_TotalRNA" ] ],
        "geo_purpose" : [ [ "Library" ] ],
        "geo_receive_date" : [ [ "2018-03-23" ] ],
        "geo_run_id_and_position" : [ [ "3080_1" ] ],
        "geo_str_result" : [ [ "Not Submitted" ] ],
        "geo_template_type" : [ [ "Illumina PE Library" ] ],
        "geo_tissue_origin" : [ [ "Lv" ] ],
        "geo_tissue_preparation" : [ [ "Fresh Frozen" ] ],
        "geo_tissue_type" : [ [ "M" ] ]
      },
      "sequencerRunName" : [ "180413_NB551051_0058_AHLK2LBGX5" ],
      "sequencerRunAttributes" : {
        "instrument_name" : [ [ "NB551051" ] ]
      },
      "laneName" : [ "180413_NB551051_0058_AHLK2LBGX5_lane_1" ],
      "laneAttributes" : { },
      "iusTag" : [ "CGATGT" ],
      "iusAttributes" : { },
      "workflowName" : [ "BamMergePreprocessing" ],
      "processingAlgorithm" : [ "ProvisionFiles" ],
      "processingAttributes" : { },
      "fileMetaType" : [ "application/bam" ],
      "fileAttributes" : {
        "aligner" : [ [ "STAR" ] ],
        "cvterms" : [ [ "EDAM:format_2572,EDAM:operation_2089" ] ]
      },
      "fileId" : 1135784967
    } ]
  }, {
    "workflowIni" : {
      "coverage_cap" : "500",
      "data_dir" : "data",
      "output_filename_prefix" : "TGL17_0003_Co_P_WT_180413.sorted.filter.deduped.split.realign.recal",
      "input_bam_file" : "/.mounts/labs/TGL/production2/seqware-results/BamMergePreprocessing_1.2/48989718/TGL17_0003_Co_P_WT_180413.sorted.filter.deduped.split.realign.recal.bam",
      "java" : "/.mounts/labs/PDE/Modules/sw/jvm/jdk1.8.0_91/bin/java",
      "java_mem" : "-Xmx16g",
      "library" : "library",
      "manual_output" : "false",
      "metadata" : "metadata",
      "minimum_pct" : "0.5",
      "output_dir" : "seqware-results",
      "picard_jar" : "/.mounts/labs/PDE/Modules/sw/picard/2.12.1/picard.jar",
      "picard_mem" : "30",
      "ref_dict" : "/.mounts/labs/PDE/data/gatkAnnotationResources/hg19_random.dict",
      "ref_fasta" : "/.mounts/labs/PDE/data/gatkAnnotationResources/hg19_random.fa",
      "run" : "run",
      "stringency_filter" : "LENIENT",
      "template_type" : "WT",
      "tmp_dir" : "tmp"
    },
    "files" : [ {
      "studyTitle" : [ "TGL17" ],
      "studyAttributes" : { },
      "experimentName" : [ ],
      "experimentAttributes" : { },
      "sampleName" : [ "TGL17_0003_Co_P_PE_282_WT" ],
      "sampleAttributes" : {
        "geo_external_name" : [ [ "CMP-01-04" ] ],
        "geo_group_id" : [ [ "180413" ] ],
        "geo_library_source_template_type" : [ [ "WT" ] ],
        "geo_organism" : [ [ "Homo sapiens" ] ],
        "geo_prep_kit" : [ [ "TruSeq_Stranded_TotalRNA" ] ],
        "geo_purpose" : [ [ "Library" ] ],
        "geo_receive_date" : [ [ "2018-04-04" ] ],
        "geo_run_id_and_position" : [ [ "3080_1" ] ],
        "geo_str_result" : [ [ "Not Submitted" ] ],
        "geo_template_type" : [ [ "Illumina PE Library" ] ],
        "geo_tissue_origin" : [ [ "Co" ] ],
        "geo_tissue_preparation" : [ [ "FFPE" ] ],
        "geo_tissue_type" : [ [ "P" ] ]
      },
      "sequencerRunName" : [ "180413_NB551051_0058_AHLK2LBGX5" ],
      "sequencerRunAttributes" : {
        "instrument_name" : [ [ "NB551051" ] ]
      },
      "laneName" : [ "180413_NB551051_0058_AHLK2LBGX5_lane_1" ],
      "laneAttributes" : { },
      "iusTag" : [ "TGACCA" ],
      "iusAttributes" : { },
      "workflowName" : [ "BamMergePreprocessing" ],
      "processingAlgorithm" : [ "ProvisionFiles" ],
      "processingAttributes" : { },
      "fileMetaType" : [ "application/bam" ],
      "fileAttributes" : {
        "aligner" : [ [ "STAR" ] ],
        "cvterms" : [ [ "EDAM:format_2572,EDAM:operation_2089" ] ]
      },
      "fileId" : 968662175
    } ]
  }, {
    "workflowIni" : {
      "coverage_cap" : "500",
      "data_dir" : "data",
      "output_filename_prefix" : "TGL17_0004_Lv_M_WT_180413.merged.sorted.filter.deduped.split.realign.recal",
      "input_bam_file" : "/.mounts/labs/TGL/production2/seqware-results/BamMergePreprocessing_1.2/972772/TGL17_0004_Lv_M_WT_180413.merged.sorted.filter.deduped.split.realign.recal.bam",
      "java" : "/.mounts/labs/PDE/Modules/sw/jvm/jdk1.8.0_91/bin/java",
      "java_mem" : "-Xmx16g",
      "library" : "library",
      "manual_output" : "false",
      "metadata" : "metadata",
      "minimum_pct" : "0.5",
      "output_dir" : "seqware-results",
      "picard_jar" : "/.mounts/labs/PDE/Modules/sw/picard/2.12.1/picard.jar",
      "picard_mem" : "30",
      "ref_dict" : "/.mounts/labs/PDE/data/gatkAnnotationResources/hg19_random.dict",
      "ref_fasta" : "/.mounts/labs/PDE/data/gatkAnnotationResources/hg19_random.fa",
      "run" : "run",
      "stringency_filter" : "LENIENT",
      "template_type" : "WT",
      "tmp_dir" : "tmp"
    },
    "files" : [ {
      "studyTitle" : [ "TGL17" ],
      "studyAttributes" : { },
      "experimentName" : [ ],
      "experimentAttributes" : { },
      "sampleName" : [ "TGL17_0004_Lv_M_PE_310_WT", "TGL17_0004_Lv_M_PE_325_WT" ],
      "sampleAttributes" : {
        "geo_external_name" : [ [ "CMP-01-05" ] ],
        "geo_group_id" : [ [ "180413" ] ],
        "geo_library_source_template_type" : [ [ "WT" ] ],
        "geo_organism" : [ [ "Homo sapiens" ] ],
        "geo_prep_kit" : [ [ "TruSeq_Stranded_TotalRNA" ] ],
        "geo_purpose" : [ [ "Library" ] ],
        "geo_receive_date" : [ [ "2018-03-23" ] ],
        "geo_run_id_and_position" : [ [ "3080_1" ] ],
        "geo_str_result" : [ [ "Not Submitted" ] ],
        "geo_template_type" : [ [ "Illumina PE Library" ] ],
        "geo_tissue_origin" : [ [ "Lv" ] ],
        "geo_tissue_preparation" : [ [ "Fresh Frozen" ] ],
        "geo_tissue_type" : [ [ "M" ] ]
      },
      "sequencerRunName" : [ "180413_NB551051_0058_AHLK2LBGX5" ],
      "sequencerRunAttributes" : {
        "instrument_name" : [ [ "NB551051" ] ]
      },
      "laneName" : [ "180413_NB551051_0058_AHLK2LBGX5_lane_1" ],
      "laneAttributes" : { },
      "iusTag" : [ "CAGATC", "CCGTCC" ],
      "iusAttributes" : { },
      "workflowName" : [ "BamMergePreprocessing" ],
      "processingAlgorithm" : [ "ProvisionFiles" ],
      "processingAttributes" : { },
      "fileMetaType" : [ "application/bam" ],
      "fileAttributes" : {
        "aligner" : [ [ "STAR" ] ],
        "cvterms" : [ [ "EDAM:format_2572,EDAM:operation_2089" ] ]
      },
      "fileId" : -218722183
    } ]
  } ]
}